// Jest Snapshot v1, https://goo.gl/fbAQLP

exports[`MarketsDropdown matches the snapshot 1`] = `
.c0 {
  position: relative;
  display: inline-block;
  width: 100%;
}

.c1 {
  border-color: rgb(206,212,218);
}

.c2 {
  list-style: none;
  position: absolute;
  background-color: #fff;
  min-width: 160px;
  box-shadow: 0px 8px 16px 0px rgba(0,0,0,0.2);
  z-index: 100;
  padding: 0;
}

<div>
  <div
    class="c0"
  >
    <div
      class="mb-3"
    >
      <div
        aria-expanded="false"
        aria-haspopup="listbox"
        aria-owns="downshift-19-menu"
        role="combobox"
      >
        <label
          class="form-label"
          for="downshift-19-input"
          id="downshift-19-label"
        >
          Choose a market:
        </label>
        <div
          class="input-group"
        >
          <input
            aria-autocomplete="list"
            aria-controls="downshift-19-menu"
            aria-labelledby="downshift-19-label"
            autocomplete="off"
            class="form-control"
            id="downshift-19-input"
            type="text"
            value="Australia"
          />
          <button
            aria-label="toggle menu"
            class="c1 btn btn-outline-secondary"
            id="downshift-19-toggle-button"
            tabindex="-1"
            type="button"
          >
            â†“
          </button>
        </div>
        <ul
          aria-labelledby="downshift-19-label"
          class="c2"
          id="downshift-19-menu"
          role="listbox"
        />
      </div>
    </div>
  </div>
</div>
`;
